------ Authentication ------
id : root
passwd : pivot
Failed Authentication.