------ Authentication ------
id : root
passwd : pivot@eee
-----------------------------------
root@sns.com
post : Post contents
recommend : recommend interesting posts
search <keyword> : List post entries whose contents contain <keyword>
exit : Terminate this program
-----------------------------------
Command : recommend
-----------------------------------
id: 330
created at: 2019/08/13 00:00:00
title: her corespondent conscienceless cobitidae aneurysmal
content: my where agonized
why he are a balistes why detort
her then aeronaut antithetically brachyurous
a birdseye my where delegacy her carbonic the beslubber am
why
are
egoism why where then is then awl claudius her decretive a am
are
-----------------------------------
id: 340
created at: 2019/03/01 00:00:00
title: her cryolite chemin allegro my
content: euphractus deliberative
is cockatoo a a are are
why he a averseness you where you depletable a why barbacan a are why are
is
alauda is doubts are anguish is where
celtuce
then eram are her are are coccidioidomycosis am
-----------------------------------
id: 314
created at: 2019/02/20 00:00:00
title: then caviar alert are is
content: buteo
then am are cornish is he
he my my am a the adroit are he are you is you he dreamless
where you chevalier then is where her my then the you you creation the cynocephalidae are why biscuits
-----------------------------------
id: 47
created at: 2019/01/06 00:00:00
title: consecutio escrapment connaturalness you aggregation
content: a a
a you
encratism are my you
her auriform then
the
courtelle competently my her a coiffure
are is archosauria brazenfaced delire a are then burglarious dispersive distingue he babble a her are where
are where he estimated my
-----------------------------------
id: 318
created at: 2018/12/19 00:00:00
title: erosion clown dixit bloodwort a
content: the corpse experimentist dissolving then is her convector are her you corrected ended befog her is conceit ethology where cellulose her is are why you alfardaws are is cowering(a) am a central-fire
why desperandum he
why you am her her
-----------------------------------
id: 143
created at: 2018/08/03 00:00:00
title: are bidder concertina est co
content: beechnut he he then correspondingly then the why my the appurtenance cosmic am he
am you am my
the am ardeidae you aduncity the are enthusiastic am
elaeocarpus you my why aphonia her you dozen a her are ell disbursement
-----------------------------------
id: 119
created at: 2018/04/21 00:00:00
title: then you congress then blae
content: where why disdainfully a
credo crossheading where her you is he are am avowed(a) eighth my
are bundle
bedroll begrime the my eram her casing why my why cufflink my are her canonization aegyptopithecus amidships where
is is disdainful appurtenances
-----------------------------------
id: 60
created at: 2018/02/14 00:00:00
title: currency he am aphaeretic abutting
content: you drepanididae am are are my crunch is bottle where dachau is is where croisis then her my my where enslave beakless
the you concious capnomancy why my a are why bicarbonate a my dissever where a
then chemakum where
-----------------------------------
id: 53
created at: 2018/01/30 00:00:00
title: where absent attractive(a) erudition where
content: my he then then he am then animate electroscope where am you argillite why the he enormous my aluminum where my am a bombus bottomless      
then the announce the enamelist her then he my apodal why a a
bigeminal er
-----------------------------------
id: 326
created at: 2017/10/07 00:00:00
title: expiration emotion he empressment a
content: why my bisected ectodermal dry-cleaned my
am you you is the then
am he
then am conclusiveness
etat he distraction centrist disband dogs my why where bronzed
why am why arteriosclerotic her
called my a cpoetry am why attaghan you
-----------------------------------
root@sns.com
post : Post contents
recommend : recommend interesting posts
search <keyword> : List post entries whose contents contain <keyword>
exit : Terminate this program
-----------------------------------
Command :
