------ Authentication ------
id : root
passwd : pivot@eee
-----------------------------------
root@sns.com
post : Post contents
recommend : recommend interesting posts
search <keyword> : List post entries whose contents contain <keyword>
exit : Terminate this program
-----------------------------------
Command : search centavo
id: 169, created at: 2001/10/08 00:00:00, title: centavo you you carpellate chives
id: 2, created at: 1977/08/18 00:00:00, title: a damocles why eurypterid you
-----------------------------------
root@sns.com
post : Post contents
recommend : recommend interesting posts
search <keyword> : List post entries whose contents contain <keyword>
exit : Terminate this program
-----------------------------------
Command :
